=~=~=~=~=~=~=~=~=~=~=~= PuTTY log 2019.02.13 22:05:19 =~=~=~=~=~=~=~=~=~=~=~=
griden_env
$ 
$ sqlplus / as 
$ crsctl stat res -t
--------------------------------------------------------------------------------
Name           Target  State        Server                   State details       
--------------------------------------------------------------------------------
Local Resources
--------------------------------------------------------------------------------
ora.DATA.dg
               ONLINE  ONLINE       jfsexpenz01              STABLE
ora.LISTENER_JFSEXPENZ01.lsnr
               ONLINE  ONLINE       jfsexpenz01              STABLE
ora.REDO1.dg
               ONLINE  ONLINE       jfsexpenz01              STABLE
ora.REDO2.dg
               ONLINE  ONLINE       jfsexpenz01              STABLE
ora.asm
               ONLINE  ONLINE       jfsexpenz01              Started,STABLE
ora.ons
               OFFLINE OFFLINE      jfsexpenz01              STABLE
--------------------------------------------------------------------------------
Cluster Resources
--------------------------------------------------------------------------------
ora.cssd
      1        ONLINE  ONLINE       jfsexpenz01              STABLE
ora.diskmon
      1        OFFLINE OFFLINE                               STABLE
ora.evmd
      1        ONLINE  ONLINE       jfsexpenz01              STABLE
ora.jfsexpen.db
      1        OFFLINE OFFLINE                               STABLE
--------------------------------------------------------------------------------
$ 
$ 
$ 
$ sqlplus / as sysasm

SQL*Plus: Release 12.2.0.1.0 Production on Wed Feb 13 22:06:13 2019

Copyright (c) 1982, 2017, Oracle.  All rights reserved.


Connected to:
Oracle Database 12c Enterprise Edition Release 12.2.0.1.0 - 64bit Production

SQL> 
SQL> select name, path from v$asm_disk;

NAME
------------------------------
PATH
--------------------------------------------------------------------------------
DATA_0000
/dev/DATA01

REDO1_0000
/dev/REDO1

REDO2_0000
/dev/REDO2


NAME
------------------------------
PATH
--------------------------------------------------------------------------------
DATA_0001
/dev/DATA02

DATA_0002
/dev/DATA03

DATA_0003
/dev/DATA04


NAME
------------------------------
PATH
--------------------------------------------------------------------------------
DATA_0004
/dev/DATA05

DATA_0005
/dev/DATA06

DATA_0006
/dev/DATA07


NAME
------------------------------
PATH
--------------------------------------------------------------------------------
DATA_0007
/dev/DATA08

DATA_0008
/dev/DATA09

DATA_0009
/dev/DATA10


NAME
------------------------------
PATH
--------------------------------------------------------------------------------
DATA_0010
/dev/DATA11

DATA_0011
/dev/DATA12

DATA_0012
/dev/DATA13


NAME
------------------------------
PATH
--------------------------------------------------------------------------------
DATA_0013
/dev/DATA14


16 rows selected.

SQL> set lines 200 pages 250;
SQL> 
SQL> /

NAME
------------------------------
PATH
--------------------------------------------------------------------------------------------------------------------------------------------------------------------------------------------------------
DATA_0000
/dev/DATA01

REDO1_0000
/dev/REDO1

REDO2_0000
/dev/REDO2

DATA_0001
/dev/DATA02

DATA_0002
/dev/DATA03

DATA_0003
/dev/DATA04

DATA_0004
/dev/DATA05

DATA_0005
/dev/DATA06

DATA_0006
/dev/DATA07

DATA_0007
/dev/DATA08

DATA_0008
/dev/DATA09

DATA_0009
/dev/DATA10

DATA_0010
/dev/DATA11

DATA_0011
/dev/DATA12

DATA_0012
/dev/DATA13

DATA_0013
/dev/DATA14


16 rows selected.

SQL> col  PATH for a30;
SQL> /

NAME                           PATH
------------------------------ ------------------------------
DATA_0000                      /dev/DATA01
REDO1_0000                     /dev/REDO1
REDO2_0000                     /dev/REDO2
DATA_0001                      /dev/DATA02
DATA_0002                      /dev/DATA03
DATA_0003                      /dev/DATA04
DATA_0004                      /dev/DATA05
DATA_0005                      /dev/DATA06
DATA_0006                      /dev/DATA07
DATA_0007                      /dev/DATA08
DATA_0008                      /dev/DATA09
DATA_0009                      /dev/DATA10
DATA_0010                      /dev/DATA11
DATA_0011                      /dev/DATA12
DATA_0012                      /dev/DATA13
DATA_0013                      /dev/DATA14

16 rows selected.

SQL> 
SQL> select name,state,total_mb/1024,free_mb/1024 from v$asm_diskgroup order by name;

NAME                           STATE       TOTAL_MB/1024 FREE_MB/1024
------------------------------ ----------- ------------- ------------
DATA                           MOUNTED              4200   3915.55469
REDO1                          MOUNTED                10   5.39550781
REDO2                          MOUNTED                10   5.59472656

SQL> 
SQL> show parameter disk

NAME                                 TYPE        VALUE
------------------------------------ ----------- ------------------------------
asm_diskgroups                       string      REDO2, REDO1
asm_diskstring                       string      /dev/rhdisk*, /dev/DATA*, /dev
                                                 /REDO*
SQL> 
SQL> 
SQL> !ls -lrt /dev/dataDATA*
crw-rw----    1 oracle   oinstall     18, 11 Jan 25 15:25 /dev/DATA10
crw-rw----    1 oracle   oinstall     18, 14 Jan 25 15:25 /dev/DATA06
crw-rw----    1 oracle   oinstall     18, 13 Feb 02 19:32 /dev/DATA09
crw-rw----    1 oracle   oinstall     18,  5 Feb 02 19:32 /dev/DATA05
crw-rw----    1 oracle   oinstall     18, 15 Feb 07 00:54 /dev/DATA03
crw-rw----    1 oracle   oinstall     18,  9 Feb 07 22:00 /dev/DATA14
crw-rw----    1 oracle   oinstall     18, 10 Feb 09 16:49 /dev/DATA13
crw-rw----    1 oracle   oinstall     18,  8 Feb 09 16:49 /dev/DATA07
crw-rw----    1 oracle   oinstall     18,  7 Feb 09 16:49 /dev/DATA04
crw-rw----    1 oracle   oinstall     18, 17 Feb 12 22:01 /dev/DATA02
crw-rw----    1 oracle   oinstall     18, 12 Feb 13 22:01 /dev/DATA12
crw-rw----    1 oracle   oinstall     18,  6 Feb 13 22:01 /dev/DATA08
crw-rw----    1 oracle   oinstall     18, 16 Feb 13 22:03 /dev/DATA11
crw-rw----    1 oracle   oinstall     18,  3 Feb 13 22:03 /dev/DATA01

SQL> !ls -ltr /dev/REDO*
crw-rw----    1 oracle   oinstall     18,  2 Feb 13 22:03 /dev/REDO2
crw-rw----    1 oracle   oinstall     18,  4 Feb 13 22:03 /dev/REDO1

SQL> !ls -ltr /dev/rhdisk*
crw-------    2 root     system       18,  0 Sep 02 23:15 /dev/rhdisk0
crw-------    1 root     system       18,  1 Sep 10 09:16 /dev/rhdisk2
crw-------    1 root     system       18,  3 Sep 11 16:07 /dev/rhdisk1
crw-------    1 root     system       18,  2 Sep 12 15:51 /dev/rhdisk4
crw-------    1 root     system       18,  4 Sep 12 15:51 /dev/rhdisk3
crw-------    1 root     system       18, 14 Dec 28 14:51 /dev/rhdisk9
crw-------    1 root     system       18,  5 Dec 28 14:51 /dev/rhdisk8
crw-------    1 root     system       18,  7 Dec 28 14:51 /dev/rhdisk7
crw-------    1 root     system       18, 15 Dec 28 14:51 /dev/rhdisk6
crw-------    1 root     system       18, 17 Dec 28 14:51 /dev/rhdisk5
crw-------    1 root     system       18,  9 Dec 28 14:51 /dev/rhdisk17
crw-------    1 root     system       18, 10 Dec 28 14:51 /dev/rhdisk16
crw-------    1 root     system       18, 12 Dec 28 14:51 /dev/rhdisk15
crw-------    1 root     system       18, 16 Dec 28 14:51 /dev/rhdisk14
crw-------    1 root     system       18, 11 Dec 28 14:51 /dev/rhdisk13
crw-------    1 root     system       18, 13 Dec 28 14:51 /dev/rhdisk12
crw-------    1 root     system       18,  6 Dec 28 14:51 /dev/rhdisk11
crw-------    1 root     system       18,  8 Dec 28 14:51 /dev/rhdisk10

SQL> 
SQL> exit
Disconnected from Oracle Database 12c Enterprise Edition Release 12.2.0.1.0 - 64bit Production
$ 
$ ps -ef | grep d.bin
  oracle  3538990        1   0   Sep 19      - 145:29 /u01/app/12.2.0.1/grid/bin/ohasd.bin reboot
  oracle  4063376        1   0   Sep 19      - 66:51 /u01/app/12.2.0.1/grid/bin/evmd.bin
  oracle  4522182        1   0   Sep 19      - 105:06 /u01/app/12.2.0.1/grid/bin/cssdagent
  oracle  7930020        1   0   Sep 19      - 68:24 /u01/app/12.2.0.1/grid/bin/ocssd.bin
  oracle  9306268        1   0   Sep 19      - 1139:33 /u01/app/12.2.0.1/grid/bin/oraagent.bin
  oracle 28180568        1   0   Jan 10      -  2:55 /u01/app/12.2.0.1/grid/bin/tnslsnr LISTENER_JFSEXPENZ01 -inherit
  oracle  9175498  4063376   0   Sep 19      - 60:29 /u01/app/12.2.0.1/grid/bin/evmlogger.bin -o /u01/app/12.2.0.1/grid/log/[HOSTNAME]/evmd/evmlogger.info -l /u01/app/12.2.0.1/grid/log/[HOSTNAME]/evmd/evmlogger.log
$ 
$ 
$ cd $/u01/app
$ ls -ltr
total 8
drwxrwxr-x    3 oracle   oinstall        256 Sep 10 12:47 12.2.0.1
drwxrwxr-x   11 oracle   oinstall       4096 Sep 12 13:42 oracle
drwxrwx---    6 oracle   oinstall        256 Sep 19 11:17 oraInventory
$ cd /u01/app/12.2.0.1/grid/bin
$ 
$ sqlplus 
$ pwd
/u01/app/12.2.0.1/grid/bin
$ ./cd ~
$ 
$ pwd
/home/oracle
$ 
$ ./crcrsctl stop has
CRS-2791: Starting shutdown of Oracle High Availability Services-managed resources on 'jfsexpenz01'
CRS-2673: Attempting to stop 'ora.evmd' on 'jfsexpenz01'
CRS-2673: Attempting to stop 'ora.DATA.dg' on 'jfsexpenz01'
CRS-2673: Attempting to stop 'ora.REDO1.dg' on 'jfsexpenz01'
CRS-2673: Attempting to stop 'ora.REDO2.dg' on 'jfsexpenz01'
CRS-2673: Attempting to stop 'ora.LISTENER_JFSEXPENZ01.lsnr' on 'jfsexpenz01'
CRS-2677: Stop of 'ora.LISTENER_JFSEXPENZ01.lsnr' on 'jfsexpenz01' succeeded
CRS-2677: Stop of 'ora.DATA.dg' on 'jfsexpenz01' succeeded
CRS-2677: Stop of 'ora.REDO2.dg' on 'jfsexpenz01' succeeded
CRS-2677: Stop of 'ora.REDO1.dg' on 'jfsexpenz01' succeeded
CRS-2673: Attempting to stop 'ora.asm' on 'jfsexpenz01'
CRS-2677: Stop of 'ora.evmd' on 'jfsexpenz01' succeeded
CRS-2677: Stop of 'ora.asm' on 'jfsexpenz01' succeeded
CRS-2673: Attempting to stop 'ora.cssd' on 'jfsexpenz01'
CRS-2677: Stop of 'ora.cssd' on 'jfsexpenz01' succeeded
CRS-2793: Shutdown of Oracle High Availability Services-managed resources on 'jfsexpenz01' has completed
CRS-4133: Oracle High Availability Services has been stopped.
$ 
$ crsctl stat res -t
CRS-4639: Could not contact Oracle High Availability Services
CRS-4000: Command Status failed, or completed with errors.
$ 
$ ps -ef|grep pmon
  oracle  4522184 22216794   0 22:11:11  pts/2  0:00 grep pmon
$ 
$ ps -ef|grep d.bin
  oracle 10682770 22216794   0 22:11:31  pts/2  0:00 grep d.bin
$ 
$ df -gt
Filesystem    GB blocks      Used      Free %Used Mounted on
/dev/hd4          10.25      0.35      9.90    4% /
/dev/hd2          15.25      2.06     13.19   14% /usr
/dev/hd9var       10.50      0.33     10.17    4% /var
/dev/hd3          10.12      0.25      9.87    3% /tmp
/dev/hd1          10.12      2.36      7.76   24% /home
/dev/hd11admin      2.12      0.00      2.12    1% /admin
/proc                 -         -         -    -  /proc
/dev/hd10opt       5.38      0.16      5.21    3% /opt
/dev/livedump      1.25      0.00      1.25    1% /var/adm/ras/livedump
/dev/datalv       50.00     38.40     11.60   77% /u01
/dev/backuplv    125.00     77.73     47.27   63% /backup
192.168.20.166:/nim_fs    995.00    926.88     68.12   94% /nim_fs
$ 
$ 